F                                                                        [100%]
================================== FAILURES ===================================
______________________ test_real_transcription_execution ______________________
backend\tests\integration\runtime\test_transcription_execution.py:76: in test_real_transcription_execution
    assert result.outcome == ExecutionOutcome.SUCCESS, f"Whisper inference failed: {result.error_message}"
E   AssertionError: Whisper inference failed: Failed to load Faster-Whisper model: No module named 'faster_whisper'
E   assert <ExecutionOut...LED: 'FAILED'> == <ExecutionOut...SS: 'SUCCESS'>
E     
E     - SUCCESS
E     + FAILED
============================== warnings summary ===============================
backend\.venv\Lib\site-packages\fastapi\testclient.py:1
  D:\My Data\Precious Data\Vibe Code\AI Clipping Platform\backend\.venv\Lib\site-packages\fastapi\testclient.py:1: StarletteDeprecationWarning: Using `httpx` with `starlette.testclient` is deprecated; install `httpx2` instead.
    from starlette.testclient import TestClient as TestClient  # noqa

backend\src\config\system_settings.py:5
  D:\My Data\Precious Data\Vibe Code\AI Clipping Platform\backend\src\config\system_settings.py:5: PydanticDeprecatedSince20: Support for class-based `config` is deprecated, use ConfigDict instead. Deprecated in Pydantic V2.0 to be removed in V3.0. See Pydantic V2 Migration Guide at https://errors.pydantic.dev/2.13/migration/
    class SystemSettings(BaseSettings):

backend\src\intelligence\schemas\ai_models.py:48
  D:\My Data\Precious Data\Vibe Code\AI Clipping Platform\backend\src\intelligence\schemas\ai_models.py:48: PydanticDeprecatedSince20: Support for class-based `config` is deprecated, use ConfigDict instead. Deprecated in Pydantic V2.0 to be removed in V3.0. See Pydantic V2 Migration Guide at https://errors.pydantic.dev/2.13/migration/
    class AIExecutionCommand(BaseModel):

backend\src\config\ai_settings.py:5
  D:\My Data\Precious Data\Vibe Code\AI Clipping Platform\backend\src\config\ai_settings.py:5: PydanticDeprecatedSince20: Support for class-based `config` is deprecated, use ConfigDict instead. Deprecated in Pydantic V2.0 to be removed in V3.0. See Pydantic V2 Migration Guide at https://errors.pydantic.dev/2.13/migration/
    class AISettings(BaseSettings):

backend\src\transcription\dtos.py:6
  D:\My Data\Precious Data\Vibe Code\AI Clipping Platform\backend\src\transcription\dtos.py:6: PydanticDeprecatedSince20: Support for class-based `config` is deprecated, use ConfigDict instead. Deprecated in Pydantic V2.0 to be removed in V3.0. See Pydantic V2 Migration Guide at https://errors.pydantic.dev/2.13/migration/
    class TranscriptionWord(BaseModel):

backend\src\transcription\dtos.py:21
  D:\My Data\Precious Data\Vibe Code\AI Clipping Platform\backend\src\transcription\dtos.py:21: PydanticDeprecatedSince20: Support for class-based `config` is deprecated, use ConfigDict instead. Deprecated in Pydantic V2.0 to be removed in V3.0. See Pydantic V2 Migration Guide at https://errors.pydantic.dev/2.13/migration/
    class TranscriptionSegment(BaseModel):

backend\src\transcription\dtos.py:37
  D:\My Data\Precious Data\Vibe Code\AI Clipping Platform\backend\src\transcription\dtos.py:37: PydanticDeprecatedSince20: Support for class-based `config` is deprecated, use ConfigDict instead. Deprecated in Pydantic V2.0 to be removed in V3.0. See Pydantic V2 Migration Guide at https://errors.pydantic.dev/2.13/migration/
    class Transcript(BaseModel):

backend\src\transcription\dtos.py:51
  D:\My Data\Precious Data\Vibe Code\AI Clipping Platform\backend\src\transcription\dtos.py:51: PydanticDeprecatedSince20: Support for class-based `config` is deprecated, use ConfigDict instead. Deprecated in Pydantic V2.0 to be removed in V3.0. See Pydantic V2 Migration Guide at https://errors.pydantic.dev/2.13/migration/
    class TranscriptionRequest(BaseModel):

backend\src\transcription\dtos.py:65
  D:\My Data\Precious Data\Vibe Code\AI Clipping Platform\backend\src\transcription\dtos.py:65: PydanticDeprecatedSince20: Support for class-based `config` is deprecated, use ConfigDict instead. Deprecated in Pydantic V2.0 to be removed in V3.0. See Pydantic V2 Migration Guide at https://errors.pydantic.dev/2.13/migration/
    class TranscriptSearchResult(BaseModel):

backend\src\transcription\validation.py:8
  D:\My Data\Precious Data\Vibe Code\AI Clipping Platform\backend\src\transcription\validation.py:8: PydanticDeprecatedSince20: Support for class-based `config` is deprecated, use ConfigDict instead. Deprecated in Pydantic V2.0 to be removed in V3.0. See Pydantic V2 Migration Guide at https://errors.pydantic.dev/2.13/migration/
    class TranscriptValidationResult(BaseModel):

backend\src\media\dtos.py:4
  D:\My Data\Precious Data\Vibe Code\AI Clipping Platform\backend\src\media\dtos.py:4: PydanticDeprecatedSince20: Support for class-based `config` is deprecated, use ConfigDict instead. Deprecated in Pydantic V2.0 to be removed in V3.0. See Pydantic V2 Migration Guide at https://errors.pydantic.dev/2.13/migration/
    class MediaMetadata(BaseModel):

backend\src\media\dtos.py:18
  D:\My Data\Precious Data\Vibe Code\AI Clipping Platform\backend\src\media\dtos.py:18: PydanticDeprecatedSince20: Support for class-based `config` is deprecated, use ConfigDict instead. Deprecated in Pydantic V2.0 to be removed in V3.0. See Pydantic V2 Migration Guide at https://errors.pydantic.dev/2.13/migration/
    class ClipExtractionRequest(BaseModel):

backend\src\media\dtos.py:32
  D:\My Data\Precious Data\Vibe Code\AI Clipping Platform\backend\src\media\dtos.py:32: PydanticDeprecatedSince20: Support for class-based `config` is deprecated, use ConfigDict instead. Deprecated in Pydantic V2.0 to be removed in V3.0. See Pydantic V2 Migration Guide at https://errors.pydantic.dev/2.13/migration/
    class AudioExtractionRequest(BaseModel):

backend\src\media\dtos.py:42
  D:\My Data\Precious Data\Vibe Code\AI Clipping Platform\backend\src\media\dtos.py:42: PydanticDeprecatedSince20: Support for class-based `config` is deprecated, use ConfigDict instead. Deprecated in Pydantic V2.0 to be removed in V3.0. See Pydantic V2 Migration Guide at https://errors.pydantic.dev/2.13/migration/
    class ThumbnailGenerationRequest(BaseModel):

backend\src\media\dtos.py:53
  D:\My Data\Precious Data\Vibe Code\AI Clipping Platform\backend\src\media\dtos.py:53: PydanticDeprecatedSince20: Support for class-based `config` is deprecated, use ConfigDict instead. Deprecated in Pydantic V2.0 to be removed in V3.0. See Pydantic V2 Migration Guide at https://errors.pydantic.dev/2.13/migration/
    class GenericMediaProcessingRequest(BaseModel):

backend\src\media\dtos.py:63
  D:\My Data\Precious Data\Vibe Code\AI Clipping Platform\backend\src\media\dtos.py:63: PydanticDeprecatedSince20: Support for class-based `config` is deprecated, use ConfigDict instead. Deprecated in Pydantic V2.0 to be removed in V3.0. See Pydantic V2 Migration Guide at https://errors.pydantic.dev/2.13/migration/
    class MediaProcessingResponse(BaseModel):

backend\src\video_understanding\dtos.py:6
  D:\My Data\Precious Data\Vibe Code\AI Clipping Platform\backend\src\video_understanding\dtos.py:6: PydanticDeprecatedSince20: Support for class-based `config` is deprecated, use ConfigDict instead. Deprecated in Pydantic V2.0 to be removed in V3.0. See Pydantic V2 Migration Guide at https://errors.pydantic.dev/2.13/migration/
    class Topic(BaseModel):

backend\src\video_understanding\dtos.py:22
  D:\My Data\Precious Data\Vibe Code\AI Clipping Platform\backend\src\video_understanding\dtos.py:22: PydanticDeprecatedSince20: Support for class-based `config` is deprecated, use ConfigDict instead. Deprecated in Pydantic V2.0 to be removed in V3.0. See Pydantic V2 Migration Guide at https://errors.pydantic.dev/2.13/migration/
    class Entity(BaseModel):

backend\src\video_understanding\dtos.py:35
  D:\My Data\Precious Data\Vibe Code\AI Clipping Platform\backend\src\video_understanding\dtos.py:35: PydanticDeprecatedSince20: Support for class-based `config` is deprecated, use ConfigDict instead. Deprecated in Pydantic V2.0 to be removed in V3.0. See Pydantic V2 Migration Guide at https://errors.pydantic.dev/2.13/migration/
    class Hook(BaseModel):

backend\src\video_understanding\dtos.py:49
  D:\My Data\Precious Data\Vibe Code\AI Clipping Platform\backend\src\video_understanding\dtos.py:49: PydanticDeprecatedSince20: Support for class-based `config` is deprecated, use ConfigDict instead. Deprecated in Pydantic V2.0 to be removed in V3.0. See Pydantic V2 Migration Guide at https://errors.pydantic.dev/2.13/migration/
    class Highlight(BaseModel):

backend\src\video_understanding\dtos.py:63
  D:\My Data\Precious Data\Vibe Code\AI Clipping Platform\backend\src\video_understanding\dtos.py:63: PydanticDeprecatedSince20: Support for class-based `config` is deprecated, use ConfigDict instead. Deprecated in Pydantic V2.0 to be removed in V3.0. See Pydantic V2 Migration Guide at https://errors.pydantic.dev/2.13/migration/
    class Sentiment(BaseModel):

backend\src\video_understanding\dtos.py:75
  D:\My Data\Precious Data\Vibe Code\AI Clipping Platform\backend\src\video_understanding\dtos.py:75: PydanticDeprecatedSince20: Support for class-based `config` is deprecated, use ConfigDict instead. Deprecated in Pydantic V2.0 to be removed in V3.0. See Pydantic V2 Migration Guide at https://errors.pydantic.dev/2.13/migration/
    class UnderstandingMetadata(BaseModel):

backend\src\video_understanding\dtos.py:88
  D:\My Data\Precious Data\Vibe Code\AI Clipping Platform\backend\src\video_understanding\dtos.py:88: PydanticDeprecatedSince20: Support for class-based `config` is deprecated, use ConfigDict instead. Deprecated in Pydantic V2.0 to be removed in V3.0. See Pydantic V2 Migration Guide at https://errors.pydantic.dev/2.13/migration/
    class VideoUnderstandingResult(BaseModel):

backend\src\video_understanding\dtos.py:103
  D:\My Data\Precious Data\Vibe Code\AI Clipping Platform\backend\src\video_understanding\dtos.py:103: PydanticDeprecatedSince20: Support for class-based `config` is deprecated, use ConfigDict instead. Deprecated in Pydantic V2.0 to be removed in V3.0. See Pydantic V2 Migration Guide at https://errors.pydantic.dev/2.13/migration/
    class VideoAnalysisRequest(BaseModel):

backend\src\knowledge\dtos.py:21
  D:\My Data\Precious Data\Vibe Code\AI Clipping Platform\backend\src\knowledge\dtos.py:21: PydanticDeprecatedSince20: Support for class-based `config` is deprecated, use ConfigDict instead. Deprecated in Pydantic V2.0 to be removed in V3.0. See Pydantic V2 Migration Guide at https://errors.pydantic.dev/2.13/migration/
    class KnowledgeMetadata(BaseModel):

backend\src\knowledge\dtos.py:35
  D:\My Data\Precious Data\Vibe Code\AI Clipping Platform\backend\src\knowledge\dtos.py:35: PydanticDeprecatedSince20: Support for class-based `config` is deprecated, use ConfigDict instead. Deprecated in Pydantic V2.0 to be removed in V3.0. See Pydantic V2 Migration Guide at https://errors.pydantic.dev/2.13/migration/
    class VideoKnowledge(BaseModel):

backend\src\config\transcription_settings.py:5
  D:\My Data\Precious Data\Vibe Code\AI Clipping Platform\backend\src\config\transcription_settings.py:5: PydanticDeprecatedSince20: Support for class-based `config` is deprecated, use ConfigDict instead. Deprecated in Pydantic V2.0 to be removed in V3.0. See Pydantic V2 Migration Guide at https://errors.pydantic.dev/2.13/migration/
    class TranscriptionSettings(BaseSettings):

backend\tests\integration\runtime\test_transcription_execution.py:24
  D:\My Data\Precious Data\Vibe Code\AI Clipping Platform\backend\tests\integration\runtime\test_transcription_execution.py:24: PytestUnknownMarkWarning: Unknown pytest.mark.integration - is this a typo?  You can register custom marks to avoid this warning - for details, see https://docs.pytest.org/en/stable/how-to/mark.html
    @pytest.mark.integration

tests/integration/runtime/test_transcription_execution.py::test_real_transcription_execution
tests/integration/runtime/test_transcription_execution.py::test_real_transcription_execution
  D:\My Data\Precious Data\Vibe Code\AI Clipping Platform\backend\src\runtime\core\providers.py:114: DeprecationWarning: datetime.datetime.utcnow() is deprecated and scheduled for removal in a future version. Use timezone-aware objects to represent datetimes in UTC: datetime.datetime.now(datetime.UTC).
    registered_at=datetime.utcnow()

-- Docs: https://docs.pytest.org/en/stable/how-to/capture-warnings.html
=========================== short test summary info ===========================
FAILED backend\tests\integration\runtime\test_transcription_execution.py::test_real_transcription_execution
1 failed, 30 warnings in 0.49s
